// Jest Snapshot v1, https://goo.gl/fbAQLP

exports[`LoadingIndicator component tests when rendered should match snapshot 1`] = `
<div
  className="Loading-indicator-overlay d-flex justify-content-center align-items-center"
>
  <div
    className="Loading-indicator spinner-border text-primary"
    role="status"
  >
    <span
      className="sr-only"
    >
      Loading...
    </span>
  </div>
</div>
`;
